[0;34m╔════════════════════════════════════════════════════════════════╗[0m
[0;34m║         BUNJUMUN-DOOM TEST HARNESS v1.0                        ║[0m
[0;34m╚════════════════════════════════════════════════════════════════╝[0m
  Project Directory: /Users/bunj/claude/portfolio maze
  Results File: /Users/bunj/claude/portfolio maze/test-results.txt
  Server Port: 8000

[0;34m═══════════════════════════════════════════════════════════════[0m

[0;34m▶ PHASE 1: FILE VALIDATION[0m

[0;34m▶ File Existence Validation[0m
  [0;32m✅ doom/doom.js exists (340K)[0m
  [0;32m✅ doom/doom.wasm exists (1.0M)[0m
  [0;32m✅ doom/web/doom1.data exists ( 92M)[0m
  [0;32m✅ doom/gallery.wad exists (4.0K)[0m
  [0;32m✅ index.html exists (4.0K)[0m
  [0;32m✅ js/main.js exists (8.0K)[0m
  [0;32m✅ js/doom-engine.js exists (4.0K)[0m
  [0;32m✅ js/doom-bridge.js exists (4.0K)[0m
  [0;32m✅ js/gallery-wad.js exists (4.0K)[0m
  [0;32m✅ js/explosion.js exists (8.0K)[0m

[0;34m▶ File Size Validation[0m
  [0;32m✅ doom/doom.js: 340KB (expected 250-400KB)[0m
  [0;32m✅ doom/doom.wasm: 1032KB (expected 900-1200KB)[0m
  [0;32m✅ doom/web/doom1.data: 94356KB (expected 80000-100000KB)[0m
  [0;32m✅ doom/gallery.wad: 4KB (expected 1-2000KB)[0m

[0;34m▶ File Type Validation[0m
  [0;32m✅ doom/doom.js: Valid JavaScript (contains Emscripten markers)[0m
  [0;32m✅ doom/doom.wasm: Valid WebAssembly/ELF format[0m
  [1;33m⚠️  doom/gallery.wad: Could not verify WAD header (stub may be ok)[0m

[0;34m▶ DOOM WAD Structure Validation[0m
  [0;32m✅ doom/gallery.wad: File present (12 bytes)[0m

[0;34m═══════════════════════════════════════════════════════════════[0m

[0;34m▶ PHASE 2: HTTP SERVER SETUP[0m

[0;34m▶ Starting HTTP Server[0m
  Checking for existing servers on port 8000...
  [0;32m✅ HTTP server started on port 8000 (PID: 21769)[0m

[0;34m▶ HTTP Server Load Test[0m
  [0;32m✅ index.html loads successfully (HTTP 200)[0m

[0;34m▶ Asset Load Test[0m
  [0;32m✅ js/main.js: HTTP 200[0m
  [0;32m✅ js/doom-engine.js: HTTP 200[0m
  [0;32m✅ js/doom-bridge.js: HTTP 200[0m
  [0;32m✅ js/explosion.js: HTTP 200[0m
  [0;32m✅ css/style.css: HTTP 200[0m
  [0;32m✅ doom/doom.js: HTTP 200[0m
  [0;32m✅ doom/doom.wasm: HTTP 200[0m

[0;34m═══════════════════════════════════════════════════════════════[0m

[0;34m▶ PHASE 3: CODE QUALITY[0m

[0;34m▶ JavaScript Syntax Validation[0m
  [1;33m⚠️  Node.js not available - skipping syntax check[0m

[0;34m▶ HTML Structure Validation[0m
  [0;32m✅ index.html: doom-engine.js script tag found[0m
  [0;32m✅ index.html: doom-bridge.js script tag found[0m
  [0;32m✅ index.html: explosion.js script tag found[0m
  [1;33m⚠️  index.html: doom.js script tag not found (may be loaded dynamically)[0m

[0;34m═══════════════════════════════════════════════════════════════[0m

[0;34m▶ PHASE 4: WASM INTEGRATION[0m

[0;34m▶ WASM Module Load Test[0m
  WASM test skipped (requires headless browser) - manual verification needed

[0;34m═══════════════════════════════════════════════════════════════[0m

[0;34m▶ TEST SUMMARY[0m

Tests Run:    10
Tests Passed: [0;32m29[0m
Tests Failed: [0;31m0[0m

[0;32m╔════════════════════════════════════════════════════════════════╗[0m
[0;32m║  ✅ ALL TESTS PASSED — Ready for GitHub Pages deployment      ║[0m
[0;32m╚════════════════════════════════════════════════════════════════╝[0m
  Stopping HTTP server (PID: 21769)...
